{
  "status": "pass",
  "scope": "Build checks only; no search-engine or social-network crawler verification.",
  "indexing": "disabled",
  "sitemap": "proposal_only_not_served",
  "excluded_routes": [
    "/food/puri-coast/",
    "/visit/stays/puri-coast/",
    "/404.html",
    "/explore/",
    "/journey/",
    "/journey-starters/",
    "/contribute/",
    "/visit/places/mangalajodi/",
    "/visit/places/kalijai/",
    "/visit/places/satapada/",
    "/visit/experiences/mangalajodi-birdwatching/",
    "/visit/experiences/kalijai-crossing/",
    "/visit/experiences/satapada-boating/",
    "/visit/stays/mangalajodi/",
    "/visit/stays/barkul-rambha/",
    "/visit/stays/rajhans-satapada/",
    "/visit/places/mukteswar/",
    "/food/bhubaneswar/",
    "/visit/stays/bhubaneswar/",
    "/destinations/cuttack/",
    "/visit/places/barabati/",
    "/visit/experiences/cuttack-filigree/",
    "/food/cuttack/",
    "/visit/experiences/cuttack-netaji/",
    "/visit/stays/cuttack/",
    "/languages/",
    "/languages/odia/",
    "/literature/",
    "/people/fakir-mohan-senapati/",
    "/literature/six-acres-and-a-third/",
    "/people/sarala-das/",
    "/people/pratibha-ray/",
    "/people/bhima-bhoi/",
    "/people/gopinath-mohanty/",
    "/people/gangadhar-meher/",
    "/destinations/balasore/",
    "/destinations/mayurbhanj/",
    "/visit/places/chandipur/",
    "/visit/places/similipal/",
    "/visit/experiences/mayurbhanj-chhau/",
    "/visit/stays/balasore-coast/",
    "/visit/stays/similipal-gateways/",
    "/food/chhena-poda/",
    "/food/mudhi-mansa/",
    "/food/balasore/",
    "/destinations/",
    "/food/",
    "/things-to-do/",
    "/stay-areas/",
    "/languages/santali/",
    "/languages/kui/",
    "/languages/kuvi/",
    "/languages/saora/",
    "/languages/ho/",
    "/languages/juang/",
    "/languages/koya/",
    "/food/odisha-rasagola/",
    "/people/subhas-chandra-bose/",
    "/food/enduri-pitha/",
    "/food/poda-pitha/",
    "/languages/atlas/",
    "/languages/districts/",
    "/languages/multilingual-odisha/",
    "/languages/sambalpuri/",
    "/languages/desia/",
    "/languages/districts/bargarh/",
    "/languages/districts/jharsuguda/",
    "/languages/districts/sambalpur/",
    "/languages/districts/debagarh/",
    "/languages/districts/sundargarh/",
    "/languages/districts/kendujhar/",
    "/languages/districts/mayurbhanj/",
    "/languages/districts/baleshwar/",
    "/languages/districts/bhadrak/",
    "/languages/districts/kendrapara/",
    "/languages/districts/jagatsinghapur/",
    "/languages/districts/cuttack/",
    "/languages/districts/jajapur/",
    "/languages/districts/dhenkanal/",
    "/languages/districts/anugul/",
    "/languages/districts/nayagarh/",
    "/languages/districts/khordha/",
    "/languages/districts/puri/",
    "/languages/districts/ganjam/",
    "/languages/districts/gajapati/",
    "/languages/districts/kandhamal/",
    "/languages/districts/baudh/",
    "/languages/districts/subarnapur/",
    "/languages/districts/balangir/",
    "/languages/districts/nuapada/",
    "/languages/districts/kalahandi/",
    "/languages/districts/rayagada/",
    "/languages/districts/nabarangapur/",
    "/languages/districts/koraput/",
    "/languages/districts/malkangiri/",
    "/food/everyday/",
    "/food/ou-khatta/",
    "/food/badi-chura/",
    "/food/tala-pitha/",
    "/food/fire-cooking/",
    "/food/baigana-poda/",
    "/food/tomato-poda/",
    "/food/patrapoda/",
    "/crafts/",
    "/crafts/pipili-applique/",
    "/crafts/pattachitra/",
    "/textiles/",
    "/textiles/sambalpuri-bandha/",
    "/textiles/khandua/",
    "/knowledge/kotpad/",
    "/textiles/tasar/"
  ],
  "proposed_routes": 11,
  "distinct_social_images": 40
}
