UTP: valid; 474 records, 184 events; dashboard current
{
  "result": "pass",
  "checks": [
    "valid records",
    "duplicate ID",
    "dangling reference",
    "AI approval",
    "work used as approval",
    "external non-decision used as approval",
    "published without release evidence",
    "release without destination",
    "missing evidence",
    "repository path traversal",
    "self-review false remains visible",
    "deterministic rendering",
    "changed source fingerprint changes view",
    "dashboard current"
  ],
  "independent": false
}
