
> utkal-project-site@0.1.0 build:coast
> node tools/build-coast.mjs


> utkal-project-site@0.1.0 build
> node ../design-system/tools/build.mjs && node tools/prepare-design-system.mjs && node tools/select-content.mjs && node tools/build-gallery.mjs && astro build

Generated Utkal 0.1.0-rc.5 tokens.
Prepared Utkal Design System 0.1.0-rc.5 and font licences.
Prepared 5 explicitly selected research notes; no automatic full-KB export.
Prepared 166 credited art photographs; source originals unchanged.
13:42:49 [types] Generated 19ms
13:42:49 [build] output: "static"
13:42:49 [build] mode: "static"
13:42:49 [build] directory: /private/var/folders/b_/1gc2phlj7j36fz_xkzj4mfm00000gn/T/utkal-release-check-9h1mfr2a/source/projects/site/.coast-staging/
13:42:49 [build] Collecting build info...
13:42:49 [build] ✓ Completed in 40ms.
13:42:49 [build] Building static entrypoints...
13:42:49 [vite] ✓ built in 171ms
13:42:49 [vite] ✓ built in 140ms
13:42:49 [build] Rearranging server assets...

 generating static routes 
13:42:49   ├─ /404.html (+14ms) 
13:42:49   ├─ /about/index.html (+3ms) 
13:42:49   ├─ /brand-review/index.html (+1ms) 
13:42:49   ├─ /contribute/index.html (+1ms) 
13:42:49   ├─ /destinations/balasore/index.html (+2ms) 
13:42:49   ├─ /destinations/mayurbhanj/index.html (+1ms) 
13:42:49   ├─ /destinations/bhubaneswar/index.html (+3ms) 
13:42:49   ├─ /destinations/puri/index.html (+1ms) 
13:42:49   ├─ /destinations/cuttack/index.html (+1ms) 
13:42:49   ├─ /destinations/index.html (+1ms) 
13:42:49   ├─ /explore/index.html (+1ms) 
13:42:49   ├─ /food/bhubaneswar/index.html (+2ms) 
13:42:49   ├─ /food/puri-coast/index.html (+2ms) 
13:42:49   ├─ /food/chhena-poda/index.html (+1ms) 
13:42:49   ├─ /food/mudhi-mansa/index.html (+1ms) 
13:42:49   ├─ /food/index.html (+1ms) 
13:42:49   ├─ /founder/index.html (+1ms) 
13:42:49   ├─ /how-to-use/index.html (+1ms) 
13:42:49   ├─ /journey/index.html (+1ms) 
13:42:49   ├─ /journey-starters/index.html (+1ms) 
13:42:49   ├─ /knowledge/chilika/index.html (+1ms) 
13:42:49   ├─ /knowledge/konark/index.html (+2ms) 
13:42:49   ├─ /knowledge/kotpad/index.html (+0ms) 
13:42:49   ├─ /knowledge/pakhala/index.html (+0ms) 
13:42:49   ├─ /knowledge/boita-bandana/index.html (+0ms) 
13:42:49   ├─ /languages/ho/index.html (+2ms) 
13:42:49   ├─ /languages/juang/index.html (+1ms) 
13:42:49   ├─ /languages/koya/index.html (+1ms) 
13:42:49   ├─ /languages/kui/index.html (+2ms) 
13:42:49   ├─ /languages/kuvi/index.html (+1ms) 
13:42:49   ├─ /languages/odia/index.html (+1ms) 
13:42:49   ├─ /languages/santali/index.html (+1ms) 
13:42:49   ├─ /languages/saora/index.html (+1ms) 
13:42:49   ├─ /languages/index.html (+1ms) 
13:42:49   ├─ /literature/six-acres-and-a-third/index.html (+2ms) 
13:42:49   ├─ /literature/index.html (+1ms) 
13:42:49   ├─ /people/bhima-bhoi/index.html (+1ms) 
13:42:49   ├─ /people/fakir-mohan-senapati/index.html (+1ms) 
13:42:49   ├─ /people/gangadhar-meher/index.html (+3ms) 
13:42:49   ├─ /people/gopinath-mohanty/index.html (+5ms) 
13:42:49   ├─ /people/pratibha-ray/index.html (+1ms) 
13:42:49   ├─ /people/samanta-chandrasekhar/index.html (+1ms) 
13:42:49   ├─ /people/sarala-das/index.html (+1ms) 
13:42:49   ├─ /stay-areas/index.html (+1ms) 
13:42:49   ├─ /stories/bhubaneswar-fresco/story/index.html (+3ms) 
13:42:49   ├─ /stories/bhubaneswar-fresco/index.html (+2ms) 
13:42:49   ├─ /stories/culture-trails/index.html (+1ms) 
13:42:49   ├─ /things-to-do/index.html (+1ms) 
13:42:49   ├─ /visit/places/mangalajodi/index.html (+4ms) 
13:42:49   ├─ /visit/places/kalijai/index.html (+1ms) 
13:42:49   ├─ /visit/places/satapada/index.html (+1ms) 
13:42:49   ├─ /visit/places/chandrabhaga/index.html (+1ms) 
13:42:49   ├─ /visit/experiences/mangalajodi-birdwatching/index.html (+1ms) 
13:42:49   ├─ /visit/experiences/kalijai-crossing/index.html (+1ms) 
13:42:49   ├─ /visit/experiences/satapada-boating/index.html (+1ms) 
13:42:49   ├─ /visit/experiences/konark-sculpture/index.html (+1ms) 
13:42:49   ├─ /visit/experiences/chandrabhaga-shore/index.html (+1ms) 
13:42:49   ├─ /visit/experiences/konark-dance/index.html (+1ms) 
13:42:49   ├─ /visit/stays/mangalajodi/index.html (+1ms) 
13:42:49   ├─ /visit/stays/barkul-rambha/index.html (+0ms) 
13:42:49   ├─ /visit/stays/rajhans-satapada/index.html (+0ms) 
13:42:49   ├─ /visit/stays/konark/index.html (+0ms) 
13:42:49   ├─ /visit/stays/puri/index.html (+1ms) 
13:42:49   ├─ /visit/places/chandipur/index.html (+1ms) 
13:42:49   ├─ /visit/places/similipal/index.html (+0ms) 
13:42:49   ├─ /visit/places/dhauli/index.html (+0ms) 
13:42:49   ├─ /visit/places/raghurajpur/index.html (+1ms) 
13:42:49   ├─ /visit/places/puri-beach/index.html (+1ms) 
13:42:49   ├─ /visit/places/mukteswar/index.html (+1ms) 
13:42:49   ├─ /visit/stays/bhubaneswar/index.html (+1ms) 
13:42:49   ├─ /visit/stays/puri-coast/index.html (+1ms) 
13:42:49   ├─ /index.html (+1ms) 
13:42:49 ✓ Completed in 118ms.

13:42:49 [build] ✓ Completed in 445ms.
13:42:49 [build] 72 page(s) built in 486ms
13:42:49 [build] Complete!
Coastal candidate: 16 pages, 54 files, 7,098,515 bytes; 430 unused files excluded.
